openjdk version "21.0.12.1" 2026-08-18
OpenJDK Runtime Environment (build 21.0.12.1+1-nixos)
OpenJDK 64-Bit Server VM (build 21.0.12.1+1-nixos, mixed mode)
INFO  Using log config file: jar:file:/nix/store/24wg0596a7b26xsmf76qjywvfxy3j5hk-ghidra-12.0.4/lib/ghidra/Ghidra/Framework/Generic/lib/Generic.jar!/generic.log4j.xml (LoggingInitialization)  
INFO  Using log file: /home/gonsolo/.config/ghidra/ghidra_12.0.4_NIX/application.log (LoggingInitialization)  
INFO  Loading user preferences: /home/gonsolo/.config/ghidra/ghidra_12.0.4_NIX/preferences (Preferences)  
INFO  Searching for classes... (ClassSearcher)  
INFO  Class search complete (2322 ms) (ClassSearcher)  
INFO  Initializing SSL Context (DefaultSSLContextInitializer)  
INFO  Initializing Random Number Generator... (SecureRandomFactory)  
INFO  Random Number Generator initialization complete: NativePRNGNonBlocking (SecureRandomFactory)  
INFO  Trust manager disabled, cacerts have not been set (DefaultTrustManagerFactory)  
INFO  Headless startup complete (4666 ms) (AnalyzeHeadless)  
INFO  Class searcher loaded 58 extension points (18 false positives) (ClassSearcher)  
INFO  HEADLESS Script Paths:
    /nix/store/24wg0596a7b26xsmf76qjywvfxy3j5hk-ghidra-12.0.4/lib/ghidra/Ghidra/Features/Decompiler/ghidra_scripts
    /nix/store/24wg0596a7b26xsmf76qjywvfxy3j5hk-ghidra-12.0.4/lib/ghidra/Ghidra/Features/GnuDemangler/ghidra_scripts
    /home/gonsolo/bcm4360-acphy
    /nix/store/24wg0596a7b26xsmf76qjywvfxy3j5hk-ghidra-12.0.4/lib/ghidra/Ghidra/Debug/Debugger/ghidra_scripts
    /nix/store/24wg0596a7b26xsmf76qjywvfxy3j5hk-ghidra-12.0.4/lib/ghidra/Ghidra/Features/FileFormats/ghidra_scripts
    /nix/store/24wg0596a7b26xsmf76qjywvfxy3j5hk-ghidra-12.0.4/lib/ghidra/Ghidra/Processors/PIC/ghidra_scripts
    /nix/store/24wg0596a7b26xsmf76qjywvfxy3j5hk-ghidra-12.0.4/lib/ghidra/Ghidra/Features/BytePatterns/ghidra_scripts
    /nix/store/24wg0596a7b26xsmf76qjywvfxy3j5hk-ghidra-12.0.4/lib/ghidra/Ghidra/Features/BSim/ghidra_scripts
    /nix/store/24wg0596a7b26xsmf76qjywvfxy3j5hk-ghidra-12.0.4/lib/ghidra/Ghidra/Features/DecompilerDependent/ghidra_scripts
    /nix/store/24wg0596a7b26xsmf76qjywvfxy3j5hk-ghidra-12.0.4/lib/ghidra/Ghidra/Processors/Atmel/ghidra_scripts
    /nix/store/24wg0596a7b26xsmf76qjywvfxy3j5hk-ghidra-12.0.4/lib/ghidra/Ghidra/Debug/Debugger-rmi-trace/ghidra_scripts
    /nix/store/24wg0596a7b26xsmf76qjywvfxy3j5hk-ghidra-12.0.4/lib/ghidra/Ghidra/Features/SystemEmulation/ghidra_scripts
    /nix/store/24wg0596a7b26xsmf76qjywvfxy3j5hk-ghidra-12.0.4/lib/ghidra/Ghidra/Features/WildcardAssembler/ghidra_scripts
    /nix/store/24wg0596a7b26xsmf76qjywvfxy3j5hk-ghidra-12.0.4/lib/ghidra/Ghidra/Features/MicrosoftCodeAnalyzer/ghidra_scripts
    /nix/store/24wg0596a7b26xsmf76qjywvfxy3j5hk-ghidra-12.0.4/lib/ghidra/Ghidra/Processors/DATA/ghidra_scripts
    /nix/store/24wg0596a7b26xsmf76qjywvfxy3j5hk-ghidra-12.0.4/lib/ghidra/Ghidra/Features/FunctionID/ghidra_scripts
    /nix/store/24wg0596a7b26xsmf76qjywvfxy3j5hk-ghidra-12.0.4/lib/ghidra/Ghidra/Processors/8051/ghidra_scripts
    /nix/store/24wg0596a7b26xsmf76qjywvfxy3j5hk-ghidra-12.0.4/lib/ghidra/Ghidra/Features/PDB/ghidra_scripts
    /nix/store/24wg0596a7b26xsmf76qjywvfxy3j5hk-ghidra-12.0.4/lib/ghidra/Ghidra/Features/Jython/ghidra_scripts
    /nix/store/24wg0596a7b26xsmf76qjywvfxy3j5hk-ghidra-12.0.4/lib/ghidra/Ghidra/Processors/JVM/ghidra_scripts
    /nix/store/24wg0596a7b26xsmf76qjywvfxy3j5hk-ghidra-12.0.4/lib/ghidra/Ghidra/Features/VersionTracking/ghidra_scripts
    /nix/store/24wg0596a7b26xsmf76qjywvfxy3j5hk-ghidra-12.0.4/lib/ghidra/Ghidra/Features/SwiftDemangler/ghidra_scripts
    /nix/store/24wg0596a7b26xsmf76qjywvfxy3j5hk-ghidra-12.0.4/lib/ghidra/Ghidra/Features/Base/ghidra_scripts
    /nix/store/24wg0596a7b26xsmf76qjywvfxy3j5hk-ghidra-12.0.4/lib/ghidra/Ghidra/Features/PyGhidra/ghidra_scripts (HeadlessAnalyzer)  
INFO  HEADLESS: execution starts (HeadlessAnalyzer)  
INFO  Creating project: /home/gonsolo/bcm4360-acphy/ghidra_proj/AcphyProj (HeadlessAnalyzer)  
INFO  Creating project: /home/gonsolo/bcm4360-acphy/ghidra_proj/AcphyProj (DefaultProject)  
INFO  REPORT: Processing input files:  (HeadlessAnalyzer)  
INFO       project: /home/gonsolo/bcm4360-acphy/ghidra_proj/AcphyProj (HeadlessAnalyzer)  
INFO  IMPORTING: file:///home/gonsolo/bcm4360-acphy/extracted/wl.ko (HeadlessAnalyzer)  
INFO  Using Loader: Executable and Linking Format (ELF) (ProgramLoader)  
INFO  Using Language/Compiler: x86:LE:64:default:gcc (ProgramLoader)  
INFO  Using Library Search Path: [., /bin, /lib, /lib64, /lib/x86_64-linux-gnu, /lib/aarch64-linux-gnu, /usr/bin, /usr/lib, /usr/X11R6/bin, /usr/X11R6/lib, /nix/store/ilz7zyc5wphy64ln04j12f1f206yqn4v-alsa-lib-1.2.15.3/lib, /usr/java/packages/lib, /usr/lib64] (ProgramLoader)  
INFO  Additional info:
Loading file:///home/gonsolo/bcm4360-acphy/extracted/wl.ko?MD5=7e9a422bb30bc103e908457446fa7176...
Skipping section [.note.GNU-stack] with invalid size 0x0
Unhandled ELF Relocation: R_X86_64_PC64 (24, 0x18) at 00100c10 (Symbol = mem_alloc_profiling_key)
Unhandled ELF Relocation: R_X86_64_PC64 (24, 0x18) at 00100c20 (Symbol = mem_alloc_profiling_key)
Unhandled ELF Relocation: R_X86_64_PC64 (24, 0x18) at 00100c30 (Symbol = validate_usercopy_range)
Unhandled ELF Relocation: R_X86_64_PC64 (24, 0x18) at 00100c40 (Symbol = validate_usercopy_range)
Unhandled ELF Relocation: R_X86_64_PC64 (24, 0x18) at 00100c50 (Symbol = validate_usercopy_range)
Unhandled ELF Relocation: R_X86_64_PC64 (24, 0x18) at 00100c60 (Symbol = mem_alloc_profiling_key)
Unhandled ELF Relocation: R_X86_64_PC64 (24, 0x18) at 00100c70 (Symbol = mem_alloc_profiling_key)
Unhandled ELF Relocation: R_X86_64_PC64 (24, 0x18) at 00100c80 (Symbol = mem_alloc_profiling_key)
Unhandled ELF Relocation: R_X86_64_PC64 (24, 0x18) at 00100c90 (Symbol = mem_alloc_profiling_key)
Unhandled ELF Relocation: R_X86_64_PC64 (24, 0x18) at 00100ca0 (Symbol = mem_alloc_profiling_key)
Unhandled ELF Relocation: R_X86_64_PC64 (24, 0x18) at 00100cb0 (Symbol = mem_alloc_profiling_key)
Unhandled ELF Relocation: R_X86_64_PC64 (24, 0x18) at 00100cc0 (Symbol = mem_alloc_profiling_key)
Unhandled ELF Relocation: R_X86_64_PC64 (24, 0x18) at 00100cd0 (Symbol = mem_alloc_profiling_key)
Unhandled ELF Relocation: R_X86_64_PC64 (24, 0x18) at 00100ce0 (Symbol = mem_alloc_profiling_key)
Unhandled ELF Relocation: R_X86_64_PC64 (24, 0x18) at 00100cf0 (Symbol = mem_alloc_profiling_key)
Unhandled ELF Relocation: R_X86_64_PC64 (24, 0x18) at 00100d00 (Symbol = mem_alloc_profiling_key)
Unhandled ELF Relocation: R_X86_64_PC64 (24, 0x18) at 00100d10 (Symbol = mem_alloc_profiling_key)
------------------------------------------------

 (ProgramLoader)  
INFO  IMPORTING: Loaded 0 additional files (HeadlessAnalyzer)  
INFO  ANALYZING all memory and code: file:///home/gonsolo/bcm4360-acphy/extracted/wl.ko (HeadlessAnalyzer)  
INFO  DWARF external debug information found: ExternalDebugInfo [filename=null, crc=0, hash=d8b0d1d2f92aed697260aa08daee56d8cd6e7564] (ExternalDebugFileSectionProvider)  
INFO  Unable to find DWARF information, skipping DWARF analysis (DWARFAnalyzer)  
WARN  Decompiling 00282180, pcode error at 006ff308: Unable to disassemble EXTERNAL block location: 006ff308 (DecompileCallback)  
WARN  Decompiling 00285ac0, pcode error at 006ff308: Unable to disassemble EXTERNAL block location: 006ff308 (DecompileCallback)  
WARN  Decompiling 002854a0, pcode error at 006ff308: Unable to disassemble EXTERNAL block location: 006ff308 (DecompileCallback)  
WARN  Decompiling 00286df0, pcode error at 006ff308: Unable to disassemble EXTERNAL block location: 006ff308 (DecompileCallback)  
WARN  Decompiling 00284080, pcode error at 006ff308: Unable to disassemble EXTERNAL block location: 006ff308 (DecompileCallback)  
WARN  Decompiling 00283170, pcode error at 006ff308: Unable to disassemble EXTERNAL block location: 006ff308 (DecompileCallback)  
WARN  Decompiling 00282c90, pcode error at 006ff308: Unable to disassemble EXTERNAL block location: 006ff308 (DecompileCallback)  
WARN  Decompiling 00283720, pcode error at 006ff308: Unable to disassemble EXTERNAL block location: 006ff308 (DecompileCallback)  
WARN  Decompiling 002871a0, pcode error at 006ff308: Unable to disassemble EXTERNAL block location: 006ff308 (DecompileCallback)  
WARN  Decompiling 002891b0, pcode error at 006ff308: Unable to disassemble EXTERNAL block location: 006ff308 (DecompileCallback)  
WARN  Decompiling 00289ce0, pcode error at 006ff308: Unable to disassemble EXTERNAL block location: 006ff308 (DecompileCallback)  
WARN  Decompiling 002875a0, pcode error at 006ff308: Unable to disassemble EXTERNAL block location: 006ff308 (DecompileCallback)  
WARN  Decompiling 002830b0, pcode error at 006ff248: Unable to disassemble EXTERNAL block location: 006ff248 (DecompileCallback)  
WARN  Decompiling 00286050, pcode error at 006ff308: Unable to disassemble EXTERNAL block location: 006ff308 (DecompileCallback)  
WARN  Decompiling 0028aad0, pcode error at 006ff308: Unable to disassemble EXTERNAL block location: 006ff308 (DecompileCallback)  
WARN  Decompiling 006fa1f0, pcode error at 006ff308: Unable to disassemble EXTERNAL block location: 006ff308 (DecompileCallback)  
WARN  Decompiling 00283b60, pcode error at 006ff308: Unable to disassemble EXTERNAL block location: 006ff308 (DecompileCallback)  
WARN  Decompiling 00288910, pcode error at 006ff308: Unable to disassemble EXTERNAL block location: 006ff308 (DecompileCallback)  
WARN  Decompiling 00284e00, pcode error at 006ff308: Unable to disassemble EXTERNAL block location: 006ff308 (DecompileCallback)  
WARN  Decompiling 00284010, pcode error at 006ff308: Unable to disassemble EXTERNAL block location: 006ff308 (DecompileCallback)  
WARN  Decompiling 00286d50, pcode error at 006ff308: Unable to disassemble EXTERNAL block location: 006ff308 (DecompileCallback)  
WARN  Decompiling 002894d0, pcode error at 006ff308: Unable to disassemble EXTERNAL block location: 006ff308 (DecompileCallback)  
WARN  Decompiling 00282e10, pcode error at 006ff308: Unable to disassemble EXTERNAL block location: 006ff308 (DecompileCallback)  
WARN  Decompiling 00285560, pcode error at 006ff308: Unable to disassemble EXTERNAL block location: 006ff308 (DecompileCallback)  
WARN  Decompiling 00288ac0, pcode error at 006ff308: Unable to disassemble EXTERNAL block location: 006ff308 (DecompileCallback)  
WARN  Decompiling 00287780, pcode error at 006ff308: Unable to disassemble EXTERNAL block location: 006ff308 (DecompileCallback)  
WARN  Decompiling 002825c0, pcode error at 006ff308: Unable to disassemble EXTERNAL block location: 006ff308 (DecompileCallback)  
WARN  Decompiling 00285e50, pcode error at 006ff308: Unable to disassemble EXTERNAL block location: 006ff308 (DecompileCallback)  
WARN  Decompiling 00285640, pcode error at 006ff308: Unable to disassemble EXTERNAL block location: 006ff308 (DecompileCallback)  
WARN  Decompiling 002860c0, pcode error at 006ff308: Unable to disassemble EXTERNAL block location: 006ff308 (DecompileCallback)  
WARN  Decompiling 00286be0, pcode error at 006ff308: Unable to disassemble EXTERNAL block location: 006ff308 (DecompileCallback)  
WARN  Decompiling 002842f0, pcode error at 006ff308: Unable to disassemble EXTERNAL block location: 006ff308 (DecompileCallback)  
WARN  Decompiling 00282850, pcode error at 006ff308: Unable to disassemble EXTERNAL block location: 006ff308 (DecompileCallback)  
WARN  Decompiling 00282de0, pcode error at 006ff308: Unable to disassemble EXTERNAL block location: 006ff308 (DecompileCallback)  
WARN  Decompiling 00282cc0, pcode error at 006ff308: Unable to disassemble EXTERNAL block location: 006ff308 (DecompileCallback)  
WARN  Decompiling 00282fa0, pcode error at 006ff308: Unable to disassemble EXTERNAL block location: 006ff308 (DecompileCallback)  
WARN  Decompiling 00282f00, pcode error at 006ff308: Unable to disassemble EXTERNAL block location: 006ff308 (DecompileCallback)  
WARN  Decompiling 00282f60, pcode error at 006ff308: Unable to disassemble EXTERNAL block location: 006ff308 (DecompileCallback)  
WARN  Decompiling 0028a2c0, pcode error at 006ff308: Unable to disassemble EXTERNAL block location: 006ff308 (DecompileCallback)  
WARN  Decompiling 002820b0, pcode error at 006ff308: Unable to disassemble EXTERNAL block location: 006ff308 (DecompileCallback)  
WARN  Decompiling 00282560, pcode error at 006ff308: Unable to disassemble EXTERNAL block location: 006ff308 (DecompileCallback)  
WARN  Decompiling 00282370, pcode error at 006ff308: Unable to disassemble EXTERNAL block location: 006ff308 (DecompileCallback)  
WARN  Decompiling 002831d0, pcode error at 006ff308: Unable to disassemble EXTERNAL block location: 006ff308 (DecompileCallback)  
WARN  Decompiling 00282ab0, pcode error at 006ff260: Unable to disassemble EXTERNAL block location: 006ff260 (DecompileCallback)  
WARN  Decompiling 002822a0, pcode error at 006ff308: Unable to disassemble EXTERNAL block location: 006ff308 (DecompileCallback)  
WARN  Decompiling 00285fe0, pcode error at 006ff308: Unable to disassemble EXTERNAL block location: 006ff308 (DecompileCallback)  
WARN  Decompiling 002825f0, pcode error at 006ff250: Unable to disassemble EXTERNAL block location: 006ff250 (DecompileCallback)  
WARN  Decompiling 00285820, pcode error at 006ff308: Unable to disassemble EXTERNAL block location: 006ff308 (DecompileCallback)  
WARN  Decompiling 00287680, pcode error at 006ff308: Unable to disassemble EXTERNAL block location: 006ff308 (DecompileCallback)  
WARN  Decompiling 00284830, pcode error at 006ff308: Unable to disassemble EXTERNAL block location: 006ff308 (DecompileCallback)  
WARN  Decompiling 00282b70, pcode error at 006ff3f8: Unable to disassemble EXTERNAL block location: 006ff3f8 (DecompileCallback)  
WARN  Decompiling 0028c320, pcode error at 006ff308: Unable to disassemble EXTERNAL block location: 006ff308 (DecompileCallback)  
WARN  Decompiling 00285f20, pcode error at 006ff308: Unable to disassemble EXTERNAL block location: 006ff308 (DecompileCallback)  
WARN  Decompiling 0028c030, pcode error at 006ff308: Unable to disassemble EXTERNAL block location: 006ff308 (DecompileCallback)  
WARN  Decompiling 00286eb0, pcode error at 006ff308: Unable to disassemble EXTERNAL block location: 006ff308 (DecompileCallback)  
WARN  Decompiling 00282a80, pcode error at 006ff338: Unable to disassemble EXTERNAL block location: 006ff338 (DecompileCallback)  
WARN  Decompiling 00282450, pcode error at 006ff308: Unable to disassemble EXTERNAL block location: 006ff308 (DecompileCallback)  
WARN  Decompiling 006fd340, pcode error at 006ff308: Unable to disassemble EXTERNAL block location: 006ff308 (DecompileCallback)  
WARN  Decompiling 00283570, pcode error at 006ff308: Unable to disassemble EXTERNAL block location: 006ff308 (DecompileCallback)  
WARN  Decompiling 00289560, pcode error at 006ff308: Unable to disassemble EXTERNAL block location: 006ff308 (DecompileCallback)  
WARN  Decompiling 00289800, pcode error at 006ff308: Unable to disassemble EXTERNAL block location: 006ff308 (DecompileCallback)  
WARN  Decompiling 00282ed0, pcode error at 006ff308: Unable to disassemble EXTERNAL block location: 006ff308 (DecompileCallback)  
WARN  Decompiling 002830e0, pcode error at 006ff208: Unable to disassemble EXTERNAL block location: 006ff208 (DecompileCallback)  
WARN  Decompiling 00289ac0, pcode error at 006ff308: Unable to disassemble EXTERNAL block location: 006ff308 (DecompileCallback)  
WARN  Decompiling 00288770, pcode error at 006ff308: Unable to disassemble EXTERNAL block location: 006ff308 (DecompileCallback)  
WARN  Decompiling 00283140, pcode error at 006ff308: Unable to disassemble EXTERNAL block location: 006ff308 (DecompileCallback)  
WARN  Decompiling 00286d10, pcode error at 006ff308: Unable to disassemble EXTERNAL block location: 006ff308 (DecompileCallback)  
WARN  Decompiling 00283270, pcode error at 006ff308: Unable to disassemble EXTERNAL block location: 006ff308 (DecompileCallback)  
WARN  Decompiling 00282d80, pcode error at 006ff308: Unable to disassemble EXTERNAL block location: 006ff308 (DecompileCallback)  
WARN  Decompiling 002833d0, pcode error at 006ff308: Unable to disassemble EXTERNAL block location: 006ff308 (DecompileCallback)  
WARN  Decompiling 00284570, pcode error at 006ff308: Unable to disassemble EXTERNAL block location: 006ff308 (DecompileCallback)  
WARN  Decompiling 002828c0, pcode error at 006ff308: Unable to disassemble EXTERNAL block location: 006ff308 (DecompileCallback)  
WARN  Decompiling 00286f50, pcode error at 006ff308: Unable to disassemble EXTERNAL block location: 006ff308 (DecompileCallback)  
WARN  Decompiling 00286190, pcode error at 006ff320: Unable to disassemble EXTERNAL block location: 006ff320 (DecompileCallback)  
WARN  Decompiling 00284e70, pcode error at 006ff308: Unable to disassemble EXTERNAL block location: 006ff308 (DecompileCallback)  
WARN  Decompiling 00286190, pcode error at 006ff308: Unable to disassemble EXTERNAL block location: 006ff308 (DecompileCallback)  
WARN  Decompiling 00289f20, pcode error at 006ff308: Unable to disassemble EXTERNAL block location: 006ff308 (DecompileCallback)  
WARN  Decompiling 006fd290, pcode error at 006ff0b0: Unable to disassemble EXTERNAL block location: 006ff0b0 (DecompileCallback)  
WARN  Decompiling 00287050, pcode error at 006ff308: Unable to disassemble EXTERNAL block location: 006ff308 (DecompileCallback)  
WARN  Decompiling 00285760, pcode error at 006ff308: Unable to disassemble EXTERNAL block location: 006ff308 (DecompileCallback)  
WARN  Decompiling 00283c70, pcode error at 006ff308: Unable to disassemble EXTERNAL block location: 006ff308 (DecompileCallback)  
WARN  Decompiling 00283110, pcode error at 006ff308: Unable to disassemble EXTERNAL block location: 006ff308 (DecompileCallback)  
WARN  Decompiling 002854f0, pcode error at 006ff308: Unable to disassemble EXTERNAL block location: 006ff308 (DecompileCallback)  
WARN  Decompiling 00288430, pcode error at 006ff308: Unable to disassemble EXTERNAL block location: 006ff308 (DecompileCallback)  
WARN  Decompiling 00282f30, pcode error at 006ff308: Unable to disassemble EXTERNAL block location: 006ff308 (DecompileCallback)  
WARN  Decompiling 00286af0, pcode error at 006ff308: Unable to disassemble EXTERNAL block location: 006ff308 (DecompileCallback)  
WARN  Decompiling 00282210, pcode error at 006ff308: Unable to disassemble EXTERNAL block location: 006ff308 (DecompileCallback)  
WARN  Decompiling 00287ec0, pcode error at 006ff308: Unable to disassemble EXTERNAL block location: 006ff308 (DecompileCallback)  
WARN  Decompiling 002827a0, pcode error at 006ff0a8: Unable to disassemble EXTERNAL block location: 006ff0a8 (DecompileCallback)  
WARN  Decompiling 00285730, pcode error at 006ff308: Unable to disassemble EXTERNAL block location: 006ff308 (DecompileCallback)  
WARN  Decompiling 00281ed0, pcode error at 006ff308: Unable to disassemble EXTERNAL block location: 006ff308 (DecompileCallback)  
WARN  Decompiling 00282120, pcode error at 006ff308: Unable to disassemble EXTERNAL block location: 006ff308 (DecompileCallback)  
WARN  Decompiling 00282420, pcode error at 006ff308: Unable to disassemble EXTERNAL block location: 006ff308 (DecompileCallback)  
WARN  Decompiling 00288c70, pcode error at 006ff308: Unable to disassemble EXTERNAL block location: 006ff308 (DecompileCallback)  
WARN  Decompiling 00282d20, pcode error at 006ff308: Unable to disassemble EXTERNAL block location: 006ff308 (DecompileCallback)  
WARN  Decompiling 00283050, pcode error at 006ff308: Unable to disassemble EXTERNAL block location: 006ff308 (DecompileCallback)  
WARN  Decompiling 00282d50, pcode error at 006ff308: Unable to disassemble EXTERNAL block location: 006ff308 (DecompileCallback)  
WARN  Decompiling 00282b40, pcode error at 006ff288: Unable to disassemble EXTERNAL block location: 006ff288 (DecompileCallback)  
WARN  Decompiling 00282010, pcode error at 006ff308: Unable to disassemble EXTERNAL block location: 006ff308 (DecompileCallback)  
WARN  Decompiling 00283cc0, pcode error at 006ff308: Unable to disassemble EXTERNAL block location: 006ff308 (DecompileCallback)  
WARN  Decompiling 00282ea0, pcode error at 006ff308: Unable to disassemble EXTERNAL block location: 006ff308 (DecompileCallback)  
WARN  Decompiling 00282590, pcode error at 006ff308: Unable to disassemble EXTERNAL block location: 006ff308 (DecompileCallback)  
WARN  Decompiling 002823f0, pcode error at 006ff308: Unable to disassemble EXTERNAL block location: 006ff308 (DecompileCallback)  
WARN  Decompiling 0028c3d0, pcode error at 006ff308: Unable to disassemble EXTERNAL block location: 006ff308 (DecompileCallback)  
WARN  Decompiling 0028a660, pcode error at 006ff308: Unable to disassemble EXTERNAL block location: 006ff308 (DecompileCallback)  
WARN  Decompiling 00282480, pcode error at 006ff308: Unable to disassemble EXTERNAL block location: 006ff308 (DecompileCallback)  
WARN  Decompiling 0028bc60, pcode error at 006ff308: Unable to disassemble EXTERNAL block location: 006ff308 (DecompileCallback)  
WARN  Decompiling 0028b310, pcode error at 006ff308: Unable to disassemble EXTERNAL block location: 006ff308 (DecompileCallback)  
WARN  Decompiling 00288e60, pcode error at 006ff308: Unable to disassemble EXTERNAL block location: 006ff308 (DecompileCallback)  
WARN  Decompiling 00284400, pcode error at 006ff308: Unable to disassemble EXTERNAL block location: 006ff308 (DecompileCallback)  
WARN  Decompiling 00282b10, pcode error at 006ff010: Unable to disassemble EXTERNAL block location: 006ff010 (DecompileCallback)  
WARN  Decompiling 00287320, pcode error at 006ff308: Unable to disassemble EXTERNAL block location: 006ff308 (DecompileCallback)  
WARN  Decompiling 00285c50, pcode error at 006ff308: Unable to disassemble EXTERNAL block location: 006ff308 (DecompileCallback)  
WARN  Decompiling 00283aa0, pcode error at 006ff308: Unable to disassemble EXTERNAL block location: 006ff308 (DecompileCallback)  
WARN  Decompiling 00281e80, pcode error at 006ff308: Unable to disassemble EXTERNAL block location: 006ff308 (DecompileCallback)  
WARN  Decompiling 00282990, pcode error at 006ff308: Unable to disassemble EXTERNAL block location: 006ff308 (DecompileCallback)  
WARN  Decompiling 00287a90, pcode error at 006ff308: Unable to disassemble EXTERNAL block location: 006ff308 (DecompileCallback)  
WARN  Decompiling 00284290, pcode error at 006ff308: Unable to disassemble EXTERNAL block location: 006ff308 (DecompileCallback)  
WARN  Decompiling 0028a7b0, pcode error at 006ff308: Unable to disassemble EXTERNAL block location: 006ff308 (DecompileCallback)  
WARN  Decompiling 00286c10, pcode error at 006ff308: Unable to disassemble EXTERNAL block location: 006ff308 (DecompileCallback)  
WARN  Decompiling 00285860, pcode error at 006ff308: Unable to disassemble EXTERNAL block location: 006ff308 (DecompileCallback)  
WARN  Decompiling 00282690, pcode error at 006ff308: Unable to disassemble EXTERNAL block location: 006ff308 (DecompileCallback)  
WARN  Decompiling 002823b0, pcode error at 006ff308: Unable to disassemble EXTERNAL block location: 006ff308 (DecompileCallback)  
WARN  Decompiling 00284b20, pcode error at 006ff308: Unable to disassemble EXTERNAL block location: 006ff308 (DecompileCallback)  
WARN  Decompiling 0028ac20, pcode error at 006ff308: Unable to disassemble EXTERNAL block location: 006ff308 (DecompileCallback)  
WARN  Decompiling 002839f0, pcode error at 006ff308: Unable to disassemble EXTERNAL block location: 006ff308 (DecompileCallback)  
WARN  Decompiling 00282040, pcode error at 006ff308: Unable to disassemble EXTERNAL block location: 006ff308 (DecompileCallback)  
WARN  Decompiling 002884f0, pcode error at 006ff308: Unable to disassemble EXTERNAL block location: 006ff308 (DecompileCallback)  
WARN  Decompiling 00282c30, pcode error at 006ff080: Unable to disassemble EXTERNAL block location: 006ff080 (DecompileCallback)  
WARN  Decompiling 00283330, pcode error at 006ff308: Unable to disassemble EXTERNAL block location: 006ff308 (DecompileCallback)  
WARN  Decompiling 00284f70, pcode error at 006ff308: Unable to disassemble EXTERNAL block location: 006ff308 (DecompileCallback)  
WARN  Decompiling 00283de0, pcode error at 006ff308: Unable to disassemble EXTERNAL block location: 006ff308 (DecompileCallback)  
WARN  Decompiling 002847b0, pcode error at 006ff308: Unable to disassemble EXTERNAL block location: 006ff308 (DecompileCallback)  
WARN  Decompiling 00288f30, pcode error at 006ff308: Unable to disassemble EXTERNAL block location: 006ff308 (DecompileCallback)  
WARN  Decompiling 00289370, pcode error at 006ff308: Unable to disassemble EXTERNAL block location: 006ff308 (DecompileCallback)  
WARN  Decompiling 00285b90, pcode error at 006ff308: Unable to disassemble EXTERNAL block location: 006ff308 (DecompileCallback)  
WARN  Decompiling 002873b0, pcode error at 006ff308: Unable to disassemble EXTERNAL block location: 006ff308 (DecompileCallback)  
WARN  Decompiling 002831a0, pcode error at 006ff308: Unable to disassemble EXTERNAL block location: 006ff308 (DecompileCallback)  
WARN  Decompiling 00287000, pcode error at 006ff308: Unable to disassemble EXTERNAL block location: 006ff308 (DecompileCallback)  
WARN  Decompiling 00282ff0, pcode error at 006ff308: Unable to disassemble EXTERNAL block location: 006ff308 (DecompileCallback)  
WARN  Decompiling 00288180, pcode error at 006ff308: Unable to disassemble EXTERNAL block location: 006ff308 (DecompileCallback)  
WARN  Decompiling 0028be30, pcode error at 006ff308: Unable to disassemble EXTERNAL block location: 006ff308 (DecompileCallback)  
WARN  Decompiling 002832f0, pcode error at 006ff368: Unable to disassemble EXTERNAL block location: 006ff368 (DecompileCallback)  
WARN  Decompiling 002832f0, pcode error at 006ff308: Unable to disassemble EXTERNAL block location: 006ff308 (DecompileCallback)  
WARN  Decompiling 00283200, pcode error at 006ff308: Unable to disassemble EXTERNAL block location: 006ff308 (DecompileCallback)  
WARN  Decompiling 00282db0, pcode error at 006ff308: Unable to disassemble EXTERNAL block location: 006ff308 (DecompileCallback)  
WARN  Decompiling 00283970, pcode error at 006ff308: Unable to disassemble EXTERNAL block location: 006ff308 (DecompileCallback)  
WARN  Decompiling 00286c80, pcode error at 006ff308: Unable to disassemble EXTERNAL block location: 006ff308 (DecompileCallback)  
WARN  Decompiling 002827f0, pcode error at 006ff308: Unable to disassemble EXTERNAL block location: 006ff308 (DecompileCallback)  
WARN  Decompiling 00282ba0, pcode error at 006ff1d0: Unable to disassemble EXTERNAL block location: 006ff1d0 (DecompileCallback)  
WARN  Decompiling 00282ae0, pcode error at 006ff308: Unable to disassemble EXTERNAL block location: 006ff308 (DecompileCallback)  
WARN  Decompiling 00287460, pcode error at 006ff308: Unable to disassemble EXTERNAL block location: 006ff308 (DecompileCallback)  
WARN  Decompiling 00287a00, pcode error at 006ff308: Unable to disassemble EXTERNAL block location: 006ff308 (DecompileCallback)  
WARN  Decompiling 00285da0, pcode error at 006ff320: Unable to disassemble EXTERNAL block location: 006ff320 (DecompileCallback)  
WARN  Decompiling 00282cf0, pcode error at 006ff308: Unable to disassemble EXTERNAL block location: 006ff308 (DecompileCallback)  
WARN  Decompiling 00283020, pcode error at 006ff308: Unable to disassemble EXTERNAL block location: 006ff308 (DecompileCallback)  
WARN  Decompiling 00283620, pcode error at 006ff308: Unable to disassemble EXTERNAL block location: 006ff308 (DecompileCallback)  
WARN  Decompiling 00285ef0, pcode error at 006ff308: Unable to disassemble EXTERNAL block location: 006ff308 (DecompileCallback)  
WARN  Decompiling 002885e0, pcode error at 006ff308: Unable to disassemble EXTERNAL block location: 006ff308 (DecompileCallback)  
WARN  Decompiling 00285a00, pcode error at 006ff308: Unable to disassemble EXTERNAL block location: 006ff308 (DecompileCallback)  
WARN  Decompiling 00282650, pcode error at 006ff360: Unable to disassemble EXTERNAL block location: 006ff360 (DecompileCallback)  
WARN  Decompiling 002828f0, pcode error at 006ff308: Unable to disassemble EXTERNAL block location: 006ff308 (DecompileCallback)  
WARN  Decompiling 00283230, pcode error at 006ff308: Unable to disassemble EXTERNAL block location: 006ff308 (DecompileCallback)  
INFO  Packed database cache: /var/tmp/gonsolo-ghidra/packed-db-cache (PackedDatabaseCache)  
INFO  Applied data type archive: generic_clib_64 (ApplyDataArchiveAnalyzer)  
INFO  -----------------------------------------------------
    ASCII Strings                              1.858 secs
    Apply Data Archives                        0.595 secs
    Call Convention ID                         0.106 secs
    Call-Fixup Installer                       0.078 secs
    Create Address Tables                      0.595 secs
    Create Address Tables - One Time           1.748 secs
    Create Function                            1.361 secs
    DWARF                                      0.021 secs
    Data Reference                             1.182 secs
    Decompiler Switch Analysis                35.183 secs
    Demangler GNU                              1.433 secs
    Disassemble                                0.555 secs
    Disassemble Entry Points                  21.730 secs
    ELF Scalar Operand References              7.470 secs
    Embedded Media                             0.193 secs
    External Entry References                  0.005 secs
    Function ID                                5.622 secs
    Function Start Pre Search                  0.229 secs
    Function Start Search                      0.462 secs
    Function Start Search After Code           0.271 secs
    Function Start Search After Data           0.219 secs
    Non-Returning Functions - Discovered       4.657 secs
    Non-Returning Functions - Known            0.059 secs
    Reference                                  1.675 secs
    Shared Return Calls                        1.462 secs
    Stack                                     24.750 secs
    Subroutine References                      1.218 secs
    Subroutine References - One Time           0.001 secs
    x86 Constant Reference Analyzer           31.299 secs
-----------------------------------------------------
     Total Time   146 secs
-----------------------------------------------------
 (AutoAnalysisManager)  
INFO  REPORT: Analysis succeeded for file: file:///home/gonsolo/bcm4360-acphy/extracted/wl.ko (HeadlessAnalyzer)  
INFO  REPORT: Execute script: decompile_acphy.py '/home/gonsolo/bcm4360-acphy/decompiled'  (HeadlessAnalyzer)  
ERROR REPORT SCRIPT ERROR: decompile_acphy.py : Ghidra was not started with PyGhidra. Python is not available (HeadlessAnalyzer) ghidra.app.script.GhidraScriptLoadException: Ghidra was not started with PyGhidra. Python is not available
	at ghidra.pyghidra.PyGhidraScriptProvider.getScriptInstance(PyGhidraScriptProvider.java:75)
	at ghidra.app.util.headless.HeadlessAnalyzer.runScriptsList(HeadlessAnalyzer.java:924)
	at ghidra.app.util.headless.HeadlessAnalyzer.analyzeProgram(HeadlessAnalyzer.java:1086)
	at ghidra.app.util.headless.HeadlessAnalyzer.processFileWithImport(HeadlessAnalyzer.java:1584)
	at ghidra.app.util.headless.HeadlessAnalyzer.processWithLoader(HeadlessAnalyzer.java:1744)
	at ghidra.app.util.headless.HeadlessAnalyzer.processWithImport(HeadlessAnalyzer.java:1685)
	at ghidra.app.util.headless.HeadlessAnalyzer.processWithImport(HeadlessAnalyzer.java:1769)
	at ghidra.app.util.headless.HeadlessAnalyzer.processLocal(HeadlessAnalyzer.java:462)
	at ghidra.app.util.headless.AnalyzeHeadless.launch(AnalyzeHeadless.java:199)
	at ghidra.GhidraLauncher.launch(GhidraLauncher.java:81)
	at ghidra.Ghidra.main(Ghidra.java:54)
 
INFO  ANALYZING changes made by post scripts: file:///home/gonsolo/bcm4360-acphy/extracted/wl.ko (HeadlessAnalyzer)  
INFO  REPORT: Post-analysis succeeded for file: file:///home/gonsolo/bcm4360-acphy/extracted/wl.ko (HeadlessAnalyzer)  
INFO  /wl.ko: file created (gonsolo) (LocalFileSystem)  
INFO  REPORT: Save succeeded for: /wl.ko (AcphyProj:/wl.ko) (HeadlessAnalyzer)  
INFO  REPORT: Import succeeded (HeadlessAnalyzer)  
